// Jest Snapshot v1, https://goo.gl/fbAQLP

exports[`app > information > movies > movies.component.spec.ts should match snapshot 1`] = `
<app-movies
  __isFetching$__selector={[Function Observable]}
  __isFiltered$__selector={[Function Observable]}
  __moviesDisplayed$__selector={[Function Observable]}
  nbToastrService={[Function NbToastrService]}
  placeHolder={[Function String]}
  router={[Function Router]}
  store={[Function Store]}
>
  <nb-card>
    <nb-card-header>
      <bm-search />
    </nb-card-header>
    <nb-card-body>
      <nb-list
        class="movie-container"
        listenwindowscroll=""
        nbinfinitelist=""
        role="list"
      >
        <nb-list-item
          role="listitem"
        >
          <nb-card
            class="poster-movie size-medium"
            size="medium"
          >
            <nb-card-header
              class="header-poster-movie"
            >
              <div
                class="movie-title"
              >
                La tierra de los toros
              </div>
            </nb-card-header>
            <nb-card-body
              class="body-poster-movie"
            >
              <div
                class="show-more-button"
              >
                <button
                  aria-disabled="false"
                  class="appearance-filled size-medium shape-rectangle icon-start status-primary"
                  nbbutton=""
                  status="primary"
                  tabindex="0"
                >
                  <nb-icon
                    icon="film-outline"
                  >
                    <svg
                      class="eva eva-film-outline"
                      fill="currentColor"
                      height="100%"
                      viewBox="0 0 24 24"
                      width="100%"
                      xmlns="http://www.w3.org/2000/svg"
                    >
                      <g
                        data-name="Layer 2"
                      >
                        <g
                          data-name="film"
                        >
                          <rect
                            height="24"
                            opacity="0"
                            width="24"
                          />
                          <path
                            d="M18.26 3H5.74A2.74 2.74 0 0 0 3 5.74v12.52A2.74 2.74 0 0 0 5.74 21h12.52A2.74 2.74 0 0 0 21 18.26V5.74A2.74 2.74 0 0 0 18.26 3zM7 11H5V9h2zm-2 2h2v2H5zm4-8h6v14H9zm10 6h-2V9h2zm-2 2h2v2h-2zm2-7.26V7h-2V5h1.26a.74.74 0 0 1 .74.74zM5.74 5H7v2H5V5.74A.74.74 0 0 1 5.74 5zM5 18.26V17h2v2H5.74a.74.74 0 0 1-.74-.74zm14 0a.74.74 0 0 1-.74.74H17v-2h2z"
                          />
                        </g>
                      </g>
                    </svg>
                  </nb-icon>
                   Show more 
                </button>
              </div>
              <img
                alt="La tierra de los toros"
                src="https://image.tmdb.org/t/p/original/dB0CxRwLXJoOrRPUvsJjb2hnPtq.jpg"
              />
            </nb-card-body>
            <nb-card-footer
              class="footer-poster-movie"
            >
              <div>
                <span
                  class="movie-year"
                >
                  Year of publication: 2000
                </span>
              </div>
            </nb-card-footer>
          </nb-card>
        </nb-list-item>
      </nb-list>
    </nb-card-body>
  </nb-card>
</app-movies>
`;
